// Jest Snapshot v1, https://goo.gl/fbAQLP

exports[`App component renders the App 1`] = `
<Colors
  colors={
    Array [
      Object {
        "hex": "FF0000",
        "name": "Red",
        "rgb": Object {
          "b": 0,
          "g": 0,
          "r": 255,
        },
      },
      Object {
        "hex": "00FF00",
        "name": "Green",
        "rgb": Object {
          "b": 0,
          "g": 255,
          "r": 0,
        },
      },
      Object {
        "hex": "0000FF",
        "name": "Blue",
        "rgb": Object {
          "b": 255,
          "g": 0,
          "r": 0,
        },
      },
    ]
  }
/>
`;
